// Jest Snapshot v1, https://goo.gl/fbAQLP

exports[`renders the UI as expected 1`] = `
<div>
  <div
    id="footer"
    role="contentinfo"
  >
    <div
      id="app-info"
    >
      <div
        id="title-and-links"
      >
        <p
          id="title-footer"
        >
          Symptom Tracker
          <br />
           
          <a
            href="https://github.com/thinkful-ei-emu/RAMbo-Tracker-client"
            rel="noopener noreferrer"
            target="_blank"
          >
            Client Code
          </a>
           
          <br />
          <a
            href="https://github.com/thinkful-ei-emu/RAMbo-Tracker-Server"
            rel="noopener noreferrer"
            target="_blank"
          >
            Server Code
          </a>
        </p>
      </div>
      <div
        id="demo-login"
      >
        <p
          className="login-footer"
        >
          Demo Username: testuser
        </p>
        <p
          className="login-footer"
        >
          Demo Password: password1
        </p>
      </div>
    </div>
    <div
      id="developers"
    >
      <p
        id="created-head"
      >
        Created By:
      </p>
      <ul>
        <li>
          <a
            href="https://thinkful-ei-emu.github.io/portfolio-colleen/"
            rel="noopener noreferrer"
            target="_blank"
          >
            Colleen Higgins
          </a>
        </li>
        <li>
          <a
            href="https://thinkful-ei-emu.github.io/Paul-Portfolio/"
            rel="noopener noreferrer"
            target="_blank"
          >
             
            Paul KHan
          </a>
        </li>
        <li>
          <a
            href="https://github.com/Blakelowrey"
            rel="noopener noreferrer"
            target="_blank"
          >
             
            Blake Lowrey
             
          </a>
        </li>
        <li>
          <a
            href="https://thinkful-ei-emu.github.io/portfolio-corey/"
            rel="noopener noreferrer"
            target="_blank"
          >
            Corey Moore
          </a>
        </li>
        <li>
          <a
            href="https://tarajpatel.com"
            rel="noopener noreferrer"
            target="_blank"
          >
            T.J. Patel
          </a>
        </li>
        <li>
          <a
            href="https://dcoollx.github.io/Portfolio/"
            rel="noopener noreferrer"
            target="_blank"
          >
            David Queen Jr.
          </a>
        </li>
      </ul>
      <p
        id="copy-footer"
      >
        RAMbo © 2019
      </p>
    </div>
  </div>
</div>
`;
