// Jest Snapshot v1, https://goo.gl/fbAQLP

exports[`renders the UI as expected 1`] = `
<section
  className="not-found"
>
  <h2>
    404 - Page not found
  </h2>
  <div
    className="not-found-image"
  >
    <img
      alt="zelda error"
      className="not-found-img"
      src="https://professionalmorondotcom.files.wordpress.com/2015/03/zelda-ii-i-am-error.png"
    />
  </div>
  <p>
    Try going back to your previous page.
  </p>
</section>
`;
