// Jest Snapshot v1, https://goo.gl/fbAQLP

exports[`renders the UI as expected 1`] = `
<header>
  <h1
    className="Header"
  >
    <img
      alt="logo"
      className="header-photo"
      src="logo2.png"
    />
    <a
      href="/"
      id="main-title"
      onClick={[Function]}
    >
      Symptom Tracker
    </a>
  </h1>
  <div
    className="nav-container"
  >
    <nav
      className="LoginLogout"
    >
      <a
        href="/about"
        id="aboutlink"
        onClick={[Function]}
      >
        About
      </a>
       
      <a
        href="/login"
        id="loginlink"
        onClick={[Function]}
      >
        Login
      </a>
       
      <a
        href="/register"
        id="signuplink"
        onClick={[Function]}
      >
        Sign up
      </a>
    </nav>
  </div>
  <div
    id="box"
  />
</header>
`;
