// Jest Snapshot v1, https://goo.gl/fbAQLP

exports[`renders the UI as expected 1`] = `
<div>
  <nav>
    <h1
      className="Header"
    >
      <a
        href="/"
        id="main-title"
        onClick={[Function]}
      >
        Symptom Tracker
      </a>
    </h1>
    <div
      className="nav-container"
    >
      <a
        href="/login"
        id="loginlink"
        onClick={[Function]}
      >
        Login
      </a>
       
      <a
        href="/register"
        id="signuplink"
        onClick={[Function]}
      >
        Sign up
      </a>
    </div>
    <div
      id="box"
    />
  </nav>
</div>
`;
