// Jest Snapshot v1, https://goo.gl/fbAQLP

exports[`renders the UI as expected 1`] = `
<div
  className="AddFoodDiv"
>
  <label
    htmlFor="searchTermInput"
  >
    Search for a food:
  </label>
  <br />
  <div
    className="SearchFoodForm"
  >
    <input
      form="sub-form"
      id="searchTermInput"
      onChange={[Function]}
      onKeyPress={[Function]}
      placeholder="food name"
      type="text"
      value=""
    />
    <input
      form="sub-form"
      id="brandTermInput"
      onChange={[Function]}
      onKeyPress={[Function]}
      placeholder="brand"
      type="text"
      value=""
    />
    <button
      form="sub-form"
      htmlFor="searchTermInput"
      id="search-food-button"
      onClick={[Function]}
    >
      Search for Food
    </button>
  </div>
</div>
`;
