// Jest Snapshot v1, https://goo.gl/fbAQLP

exports[`renders the UI as expected 1`] = `
<div
  className="entire-dashboard-div"
>
  <div
    id="user-welcome"
  >
     
    <h2>
      Welcome back, 
      
    </h2>
  </div>
  <div
    className="dashboard-content"
  >
    <div
      id="results"
    >
      <h2>
        My Results
      </h2>
      <div />
      <div
        id="results-button"
      >
        <button
          onClick={[Function]}
        >
          Refresh Results
        </button>
      </div>
    </div>
    <div
      className="log-container"
    >
      <h2>
        My Log
      </h2>
      <div
        id="dash-button-container"
      >
        <button
          className="user-button new-meal"
          onClick={[Function]}
        >
          <img
            alt=""
            className="button-logo"
            src="plate.png"
          />
          Log Meal
        </button>
        <button
          className="user-button new-symptom"
          onClick={[Function]}
        >
          <img
            alt=""
            className="button-logo"
            src="symptom.png"
          />
          Log Symptom
        </button>
        <button
          className="user-button print-button"
          onClick={[Function]}
        >
          <img
            alt=""
            className="button-logo"
            src="print.png"
          />
          Print Logs
        </button>
        <div
          className=".print-container"
        >
          <div
            className="print-container"
          >
            <li
              className="symptom"
            >
              
               on 
              12-31-1969 at 18:35
               
              
            </li>
          </div>
        </div>
      </div>
      <div
        className="events"
      >
        <div
          className="events-list"
        >
          <ul>
            <li
              className="symptom dash-event-container-symptom"
            >
              <div
                className="dash-event-text"
              >
                <div
                  className="event-text-section"
                >
                  
                </div>
                 
                <div
                  className="event-text-section"
                >
                  on 
                  12-31-1969 at 18:35
                  ;
                </div>
                 
                <div
                  className="event-text-section"
                >
                  Severity: undefined
                </div>
                 
              </div>
              <div
                className="meal-toggle-cont"
              >
                <button
                  aria-label="Delete item"
                  className="delete-event"
                  onClick={[Function]}
                >
                  <i
                    aria-hidden="true"
                    className="fa fa-trash fa-lg"
                  />
                </button>
              </div>
            </li>
          </ul>
        </div>
      </div>
    </div>
  </div>
</div>
`;
